<?php return array (
  0 => 'Symfony\\Bundle\\FrameworkBundle\\Controller\\AbstractController',
  1 => 'App\\Controller\\ApiController',
  2 => 'App\\Controller\\CartController',
  3 => 'App\\Controller\\ProductController',
  4 => 'App\\Controller\\RegistrationController',
  5 => 'App\\Controller\\SecurityController',
  6 => 'App\\Controller\\UserController',
  7 => 'App\\Entity\\Order',
  8 => 'App\\Entity\\OrderItem',
  9 => 'App\\Entity\\Product',
  10 => 'App\\Entity\\User',
  11 => 'Doctrine\\Bundle\\DoctrineBundle\\Controller\\ProfilerController',
  12 => 'Doctrine\\ORM\\Cache\\Persister\\Entity\\AbstractEntityPersister',
  13 => 'Doctrine\\ORM\\Cache\\Persister\\Entity\\CachedEntityPersister',
  14 => 'Doctrine\\ORM\\Cache\\Persister\\Entity\\NonStrictReadWriteCachedEntityPersister',
  15 => 'Doctrine\\ORM\\Cache\\Persister\\Entity\\ReadOnlyCachedEntityPersister',
  16 => 'Doctrine\\ORM\\Cache\\Persister\\Entity\\ReadWriteCachedEntityPersister',
  17 => 'Doctrine\\ORM\\Persisters\\Entity\\AbstractEntityInheritancePersister',
  18 => 'Doctrine\\ORM\\Persisters\\Entity\\BasicEntityPersister',
  19 => 'Doctrine\\ORM\\Persisters\\Entity\\CachedPersisterContext',
  20 => 'Doctrine\\ORM\\Persisters\\Entity\\EntityPersister',
  21 => 'Doctrine\\ORM\\Persisters\\Entity\\JoinedSubclassPersister',
  22 => 'Doctrine\\ORM\\Persisters\\Entity\\SingleTablePersister',
  23 => 'FOS\\RestBundle\\Controller\\AbstractFOSRestController',
  24 => 'FOS\\RestBundle\\Controller\\Annotations\\AbstractParam',
  25 => 'FOS\\RestBundle\\Controller\\Annotations\\AbstractScalarParam',
  26 => 'FOS\\RestBundle\\Controller\\Annotations\\Copy',
  27 => 'FOS\\RestBundle\\Controller\\Annotations\\Delete',
  28 => 'FOS\\RestBundle\\Controller\\Annotations\\FileParam',
  29 => 'FOS\\RestBundle\\Controller\\Annotations\\Get',
  30 => 'FOS\\RestBundle\\Controller\\Annotations\\Head',
  31 => 'FOS\\RestBundle\\Controller\\Annotations\\Link',
  32 => 'FOS\\RestBundle\\Controller\\Annotations\\Lock',
  33 => 'FOS\\RestBundle\\Controller\\Annotations\\Mkcol',
  34 => 'FOS\\RestBundle\\Controller\\Annotations\\Move',
  35 => 'FOS\\RestBundle\\Controller\\Annotations\\Options',
  36 => 'FOS\\RestBundle\\Controller\\Annotations\\ParamInterface',
  37 => 'FOS\\RestBundle\\Controller\\Annotations\\Patch',
  38 => 'FOS\\RestBundle\\Controller\\Annotations\\Post',
  39 => 'FOS\\RestBundle\\Controller\\Annotations\\PropFind',
  40 => 'FOS\\RestBundle\\Controller\\Annotations\\PropPatch',
  41 => 'FOS\\RestBundle\\Controller\\Annotations\\Put',
  42 => 'FOS\\RestBundle\\Controller\\Annotations\\QueryParam',
  43 => 'FOS\\RestBundle\\Controller\\Annotations\\RequestParam',
  44 => 'FOS\\RestBundle\\Controller\\Annotations\\Route',
  45 => 'FOS\\RestBundle\\Controller\\Annotations\\Unlink',
  46 => 'FOS\\RestBundle\\Controller\\Annotations\\Unlock',
  47 => 'FOS\\RestBundle\\Controller\\Annotations\\View',
  48 => 'FOS\\RestBundle\\Controller\\ControllerTrait',
  50 => 'Symfony\\Bundle\\FrameworkBundle\\Controller\\ControllerResolver',
  51 => 'Symfony\\Bundle\\FrameworkBundle\\Controller\\RedirectController',
  52 => 'Symfony\\Bundle\\FrameworkBundle\\Controller\\TemplateController',
  53 => 'Symfony\\Component\\HttpKernel\\Controller\\ArgumentResolver',
  54 => 'Symfony\\Component\\HttpKernel\\Controller\\ArgumentResolverInterface',
  55 => 'Symfony\\Component\\HttpKernel\\Controller\\ArgumentResolver\\DefaultValueResolver',
  56 => 'Symfony\\Component\\HttpKernel\\Controller\\ArgumentResolver\\NotTaggedControllerValueResolver',
  57 => 'Symfony\\Component\\HttpKernel\\Controller\\ArgumentResolver\\RequestAttributeValueResolver',
  58 => 'Symfony\\Component\\HttpKernel\\Controller\\ArgumentResolver\\RequestValueResolver',
  59 => 'Symfony\\Component\\HttpKernel\\Controller\\ArgumentResolver\\ServiceValueResolver',
  60 => 'Symfony\\Component\\HttpKernel\\Controller\\ArgumentResolver\\SessionValueResolver',
  61 => 'Symfony\\Component\\HttpKernel\\Controller\\ArgumentResolver\\TraceableValueResolver',
  62 => 'Symfony\\Component\\HttpKernel\\Controller\\ArgumentResolver\\VariadicValueResolver',
  63 => 'Symfony\\Component\\HttpKernel\\Controller\\ArgumentValueResolverInterface',
  64 => 'Symfony\\Component\\HttpKernel\\Controller\\ContainerControllerResolver',
  65 => 'Symfony\\Component\\HttpKernel\\Controller\\ControllerReference',
  66 => 'Symfony\\Component\\HttpKernel\\Controller\\ControllerResolver',
  67 => 'Symfony\\Component\\HttpKernel\\Controller\\ControllerResolverInterface',
  68 => 'Symfony\\Component\\HttpKernel\\Controller\\ErrorController',
  69 => 'Symfony\\Component\\HttpKernel\\Controller\\TraceableArgumentResolver',
  70 => 'Symfony\\Component\\HttpKernel\\Controller\\TraceableControllerResolver',
  71 => 'Symfony\\Component\\Security\\Http\\Controller\\UserValueResolver',
);